---
source: src/lib.rs
description: "Input: 15:55:25"
---
Time: "15:55:25"
