---
source: src/lib.rs
description: "Input: in 3 days"
---
In > Duration > Quantifier
  - Num: "3"
  - TimeUnit > Day: "days"
