---
source: src/lib.rs
description: "Input: today"
---
Date > Today: "today"
