---
source: src/lib.rs
description: "Input: yesterday"
---
Date > Yesterday: "yesterday"
