---
source: src/lib.rs
description: "Input: in 2 hours"
---
In > Duration > Quantifier
  - Num: "2"
  - TimeUnit > Hour: "hours"
