---
source: src/lib.rs
description: "Input: a day ago"
---
Ago > Duration > SingleUnit > Day: "day "
