---
source: src/lib.rs
description: "Input: a second ago"
---
Ago > Duration > SingleUnit > Second: "second "
