---
source: src/lib.rs
description: "Input: 0:20"
---
Time: "0:20"
