---
source: src/lib.rs
description: "Input: 10 hours and 5 minutes ago"
---
Ago > Duration
  - Quantifier
    - Num: "10"
    - TimeUnit > Hour: "hours"
  - Quantifier
    - Num: "5"
    - TimeUnit > Minute: "minutes"
