---
source: src/lib.rs
description: "Input: 10:30:22"
---
Time: "10:30:22"
