---
source: src/lib.rs
description: "Input: 13:22:32"
---
Time: "13:22:32"
