---
source: src/lib.rs
description: "Input: an hour ago"
---
Ago > Duration > SingleUnit > TimeUnit > Hour: "hour "
