---
source: src/lib.rs
description: "Input: a year ago"
---
Ago > Duration > SingleUnit > Year: "year "
