---
source: src/lib.rs
description: "Input: monday"
---
Date > Weekday > Monday: "monday"
