---
source: src/lib.rs
description: "Input: 2 hours, 32 minutes and 7 seconds ago"
---
Ago > Duration
  - Quantifier
    - Num: "2"
    - TimeUnit > Hour: "hours"
  - Quantifier
    - Num: "32"
    - TimeUnit > Minute: "minutes"
  - Quantifier
    - Num: "7"
    - TimeUnit > Second: "seconds"
