---
source: src/lib.rs
description: "Input: 12:30"
---
Time: "12:30"
