---
source: src/lib.rs
description: "Input: 3-3-2024"
---
Date > IsoDate: "3-3-2024"
