---
source: src/lib.rs
description: "Input: tommorow"
---
Date > Tommorow: "tommorow"
