---
source: src/lib.rs
description: "Input: 13 november"
---
Date
  - Num: "13"
  - Month_Name > November: "november"
