---
source: src/lib.rs
description: "Input: in 5 minutes and 30 seconds"
---
In > Duration
  - Quantifier
    - Num: "5"
    - Minute: "minutes"
  - Quantifier
    - Num: "30"
    - Second: "seconds"
