---
source: src/lib.rs
description: "Input: 22:25"
---
Time: "22:25"
