---
source: src/lib.rs
description: "Input: 2024-03-03"
---
Date > IsoDate: "2024-03-03"
