---
source: src/lib.rs
description: "Input: now"
---
Now: "now"
