---
source: src/lib.rs
description: "Input: 07-11-2014"
---
Date > IsoDate: "07-11-2014"
